
> cropfresh-service-auth@1.0.0 test
> jest tests/integration/farmer-registration.test.ts

node.exe : FAIL tests/integration/farmer-registration.test.ts
At line:1 char:1
+ & "C:\Program Files\nodejs/node.exe" "C:\Program Files\nodejs/node_mo ...
+ ~~~~~~~~~~~~~~~~~~~~~~~~~~~~~~~~~~~~~~~~~~~~~~~~~~~~~~~~~~~~~~~~~~~~~
    + CategoryInfo          : NotSpecified: (FAIL tests/inte...tration.test.ts:String) [], RemoteException
    + FullyQualifiedErrorId : NativeCommandError
 
  Farmer Registration Integration
    ├ù should create a farmer account with valid OTP (2 ms)
    ├ù should return UNAUTHENTICATED for invalid OTP
    ├ù should return ALREADY_EXISTS if user exists

  ΓùÅ Farmer Registration Integration ΓÇ║ should create a farmer account with valid OTP

    TypeError: Cannot read properties of undefined (reading 'info')

    [0m [90m 29 |[39m   [33mCreateFarmerAccount[39m[33m:[39m [36masync[39m (call[33m,[39m 
callback) [33m=>[39m {
     [90m 30 |[39m     [36mconst[39m { phoneNumber[33m,[39m otp[33m,[39m languagePreference } 
[33m=[39m call[33m.[39mrequest[33m;[39m
    [31m[1m>[22m[39m[90m 31 |[39m     logger[33m.[39minfo({ phoneNumber }[33m,[39m 
[32m'CreateFarmerAccount called'[39m)[33m;[39m
     [90m    |[39m            [31m[1m^[22m[39m
     [90m 32 |[39m
     [90m 33 |[39m     [36mtry[39m {
     [90m 34 |[39m       [36mif[39m ([33m![39mphoneNumber [33m||[39m [33m![39motp) {[0m

      at Object.CreateFarmerAccount (src/grpc/services/auth.ts:31:12)
      at Object.<anonymous> (tests/integration/farmer-registration.test.ts:47:24)

  ΓùÅ Farmer Registration Integration ΓÇ║ should return UNAUTHENTICATED for invalid OTP

    TypeError: Cannot read properties of undefined (reading 'info')

    [0m [90m 29 |[39m   [33mCreateFarmerAccount[39m[33m:[39m [36masync[39m (call[33m,[39m 
callback) [33m=>[39m {
     [90m 30 |[39m     [36mconst[39m { phoneNumber[33m,[39m otp[33m,[39m languagePreference } 
[33m=[39m call[33m.[39mrequest[33m;[39m
    [31m[1m>[22m[39m[90m 31 |[39m     logger[33m.[39minfo({ phoneNumber }[33m,[39m 
[32m'CreateFarmerAccount called'[39m)[33m;[39m
     [90m    |[39m            [31m[1m^[22m[39m
     [90m 32 |[39m
     [90m 33 |[39m     [36mtry[39m {
     [90m 34 |[39m       [36mif[39m ([33m![39mphoneNumber [33m||[39m [33m![39motp) {[0m

      at Object.CreateFarmerAccount (src/grpc/services/auth.ts:31:12)
      at Object.<anonymous> (tests/integration/farmer-registration.test.ts:63:24)

  ΓùÅ Farmer Registration Integration ΓÇ║ should return ALREADY_EXISTS if user exists

    TypeError: Cannot read properties of undefined (reading 'info')

    [0m [90m 29 |[39m   [33mCreateFarmerAccount[39m[33m:[39m [36masync[39m (call[33m,[39m 
callback) [33m=>[39m {
     [90m 30 |[39m     [36mconst[39m { phoneNumber[33m,[39m otp[33m,[39m languagePreference } 
[33m=[39m call[33m.[39mrequest[33m;[39m
    [31m[1m>[22m[39m[90m 31 |[39m     logger[33m.[39minfo({ phoneNumber }[33m,[39m 
[32m'CreateFarmerAccount called'[39m)[33m;[39m
     [90m    |[39m            [31m[1m^[22m[39m
     [90m 32 |[39m
     [90m 33 |[39m     [36mtry[39m {
     [90m 34 |[39m       [36mif[39m ([33m![39mphoneNumber [33m||[39m [33m![39motp) {[0m

      at Object.CreateFarmerAccount (src/grpc/services/auth.ts:31:12)
      at Object.<anonymous> (tests/integration/farmer-registration.test.ts:75:24)

Test Suites: 1 failed, 1 total
Tests:       3 failed, 3 total
Snapshots:   0 total
Time:        3.402 s, estimated 4 s
Ran all test suites matching tests/integration/farmer-registration.test.ts.
